Testing generate image...
!!!DEBUG!!! AI Response reached with command: generate image of iron man
Attempting GROQ model: llama-3.1-8b-instant
Γ£à Groq response received
generate image response: {
  "type": "generate-image",
   "actionTarget": "iron man",
   "userInput": "generate image of iron man",
   "response": "Banaenge ek iron man ki image. Iron man aapko ek superhero lagta hai, jisne apne intelligence aur technology ka use karke ek powerful armor banaya hai. Main aapko ek chitr banane ki koshish karoonga, jisme iron man ka armor aur woh superhero aapke samne khada hoga."
}
Testing pdf summary...
!!!DEBUG!!! AI Response reached with command: summarize the uploaded pdf
Attempting GROQ model: llama-3.1-8b-instant
Γ£à Groq response received
pdf summary response: {
  "type": "summarize-pdf",
   "actionTarget": "",
   "userInput": "summarize the uploaded pdf",
   "response": "Ah, I see that you've uploaded a PDF. I'm going to summarize its contents for you. Please note that the quality of the summary may vary depending on the complexity and content of the original document. I'll do my best to condense the key points into a concise summary. Can I please confirm that you'd like me to summarize the entire document or just a specific section?"
}
